0 verbose cli C:\Program Files\nodejs\node.exe C:\Users\alfon\AppData\Roaming\npm\node_modules\npm\bin\npm-cli.js
1 info using npm@11.4.2
2 info using node@v22.16.0
3 silly config load:file:C:\Users\alfon\AppData\Roaming\npm\node_modules\npm\npmrc
4 silly config load:file:C:\Users\alfon\Desktop\zipgrade-sonora\.npmrc
5 silly config load:file:C:\Users\alfon\.npmrc
6 silly config load:file:C:\Users\alfon\AppData\Roaming\npm\etc\npmrc
7 verbose title npm exec @biomejs/biome check --write .
8 verbose argv "exec" "--" "@biomejs/biome" "check" "--write" "."
9 verbose logfile logs-max:10 dir:C:\Users\alfon\Desktop\zipgrade-sonora\.npm-cache\_logs\2025-12-31T23_38_04_557Z-
10 verbose logfile C:\Users\alfon\Desktop\zipgrade-sonora\.npm-cache\_logs\2025-12-31T23_38_04_557Z-debug-0.log
11 silly logfile start cleaning logs, removing 2 files
12 silly logfile done cleaning log files
13 silly packumentCache heap:4345298944 maxSize:1086324736 maxEntrySize:543162368
14 http fetch GET 200 https://registry.npmjs.org/@biomejs%2fbiome 575ms (cache revalidated)
15 silly packumentCache heap:4345298944 maxSize:1086324736 maxEntrySize:543162368
16 silly packumentCache heap:4345298944 maxSize:1086324736 maxEntrySize:543162368
17 verbose cwd C:\Users\alfon\Desktop\zipgrade-sonora
18 verbose os Windows_NT 10.0.19045
19 verbose node v22.16.0
20 verbose npm  v11.4.2
21 verbose exit -1073740791
22 verbose code -1073740791
