0 verbose cli C:\Program Files\nodejs\node.exe C:\Users\alfon\AppData\Roaming\npm\node_modules\npm\bin\npm-cli.js
1 info using npm@11.4.2
2 info using node@v22.16.0
3 silly config load:file:C:\Users\alfon\AppData\Roaming\npm\node_modules\npm\npmrc
4 silly config load:file:C:\Users\alfon\Desktop\zipgrade-sonora\.npmrc
5 silly config load:file:C:\Users\alfon\.npmrc
6 silly config load:file:C:\Users\alfon\AppData\Roaming\npm\etc\npmrc
7 verbose title npm exec @biomejs/biome check --write .
8 verbose argv "exec" "--" "@biomejs/biome" "check" "--write" "."
9 verbose logfile logs-max:10 dir:C:\Users\alfon\Desktop\zipgrade-sonora\.npm-cache\_logs\2025-12-31T23_19_11_033Z-
10 verbose logfile C:\Users\alfon\Desktop\zipgrade-sonora\.npm-cache\_logs\2025-12-31T23_19_11_033Z-debug-0.log
11 silly logfile start cleaning logs, removing 2 files
12 silly logfile done cleaning log files
13 silly packumentCache heap:4345298944 maxSize:1086324736 maxEntrySize:543162368
14 http fetch GET 200 https://registry.npmjs.org/@biomejs%2fbiome 650ms (cache miss)
15 silly packumentCache heap:4345298944 maxSize:1086324736 maxEntrySize:543162368
16 silly packumentCache heap:4345298944 maxSize:1086324736 maxEntrySize:543162368
17 warn exec The following package was not found and will be installed: @biomejs/biome@2.3.10
18 silly idealTree buildDeps
19 silly fetch manifest @biomejs/biome@2.3.10
20 silly packumentCache full:https://registry.npmjs.org/@biomejs%2fbiome cache-miss
21 http fetch GET 200 https://registry.npmjs.org/@biomejs%2fbiome 296ms (cache miss)
22 silly packumentCache full:https://registry.npmjs.org/@biomejs%2fbiome set size:undefined disposed:false
23 silly placeDep ROOT @biomejs/biome@2.3.10 OK for:  want: 2.3.10
24 silly fetch manifest @biomejs/cli-win32-x64@2.3.10
25 silly packumentCache full:https://registry.npmjs.org/@biomejs%2fcli-win32-x64 cache-miss
26 silly fetch manifest @biomejs/cli-win32-arm64@2.3.10
27 silly packumentCache full:https://registry.npmjs.org/@biomejs%2fcli-win32-arm64 cache-miss
28 silly fetch manifest @biomejs/cli-darwin-x64@2.3.10
29 silly packumentCache full:https://registry.npmjs.org/@biomejs%2fcli-darwin-x64 cache-miss
30 silly fetch manifest @biomejs/cli-darwin-arm64@2.3.10
31 silly packumentCache full:https://registry.npmjs.org/@biomejs%2fcli-darwin-arm64 cache-miss
32 silly fetch manifest @biomejs/cli-linux-x64@2.3.10
33 silly packumentCache full:https://registry.npmjs.org/@biomejs%2fcli-linux-x64 cache-miss
34 silly fetch manifest @biomejs/cli-linux-arm64@2.3.10
35 silly packumentCache full:https://registry.npmjs.org/@biomejs%2fcli-linux-arm64 cache-miss
36 silly fetch manifest @biomejs/cli-linux-x64-musl@2.3.10
37 silly packumentCache full:https://registry.npmjs.org/@biomejs%2fcli-linux-x64-musl cache-miss
38 http fetch GET 200 https://registry.npmjs.org/@biomejs%2fcli-win32-x64 308ms (cache miss)
39 silly packumentCache full:https://registry.npmjs.org/@biomejs%2fcli-win32-x64 set size:undefined disposed:false
40 silly fetch manifest @biomejs/cli-linux-arm64-musl@2.3.10
41 silly packumentCache full:https://registry.npmjs.org/@biomejs%2fcli-linux-arm64-musl cache-miss
42 http fetch GET 200 https://registry.npmjs.org/@biomejs%2fcli-win32-arm64 508ms (cache miss)
43 silly packumentCache full:https://registry.npmjs.org/@biomejs%2fcli-win32-arm64 set size:undefined disposed:false
44 http fetch GET 200 https://registry.npmjs.org/@biomejs%2fcli-linux-x64 523ms (cache miss)
45 silly packumentCache full:https://registry.npmjs.org/@biomejs%2fcli-linux-x64 set size:undefined disposed:false
46 http fetch GET 200 https://registry.npmjs.org/@biomejs%2fcli-linux-x64-musl 541ms (cache miss)
47 silly packumentCache full:https://registry.npmjs.org/@biomejs%2fcli-linux-x64-musl set size:undefined disposed:false
48 http fetch GET 200 https://registry.npmjs.org/@biomejs%2fcli-linux-arm64-musl 306ms (cache miss)
49 silly packumentCache full:https://registry.npmjs.org/@biomejs%2fcli-linux-arm64-musl set size:undefined disposed:false
50 http fetch GET 200 https://registry.npmjs.org/@biomejs%2fcli-darwin-x64 659ms (cache miss)
51 silly packumentCache full:https://registry.npmjs.org/@biomejs%2fcli-darwin-x64 set size:undefined disposed:false
52 http fetch GET 200 https://registry.npmjs.org/@biomejs%2fcli-linux-arm64 682ms (cache miss)
53 silly packumentCache full:https://registry.npmjs.org/@biomejs%2fcli-linux-arm64 set size:undefined disposed:false
54 http fetch GET 200 https://registry.npmjs.org/@biomejs%2fcli-darwin-arm64 688ms (cache miss)
55 silly packumentCache full:https://registry.npmjs.org/@biomejs%2fcli-darwin-arm64 set size:undefined disposed:false
56 silly placeDep ROOT @biomejs/cli-darwin-arm64@2.3.10 OK for: @biomejs/biome@2.3.10 want: 2.3.10
57 silly placeDep ROOT @biomejs/cli-darwin-x64@2.3.10 OK for: @biomejs/biome@2.3.10 want: 2.3.10
58 silly placeDep ROOT @biomejs/cli-linux-arm64@2.3.10 OK for: @biomejs/biome@2.3.10 want: 2.3.10
59 silly placeDep ROOT @biomejs/cli-linux-arm64-musl@2.3.10 OK for: @biomejs/biome@2.3.10 want: 2.3.10
60 silly placeDep ROOT @biomejs/cli-linux-x64@2.3.10 OK for: @biomejs/biome@2.3.10 want: 2.3.10
61 silly placeDep ROOT @biomejs/cli-linux-x64-musl@2.3.10 OK for: @biomejs/biome@2.3.10 want: 2.3.10
62 silly placeDep ROOT @biomejs/cli-win32-arm64@2.3.10 OK for: @biomejs/biome@2.3.10 want: 2.3.10
63 silly placeDep ROOT @biomejs/cli-win32-x64@2.3.10 OK for: @biomejs/biome@2.3.10 want: 2.3.10
64 silly reify moves {}
65 silly audit bulk request {
65 silly audit   '@biomejs/biome': [ '2.3.10' ],
65 silly audit   '@biomejs/cli-darwin-arm64': [ '2.3.10' ],
65 silly audit   '@biomejs/cli-darwin-x64': [ '2.3.10' ],
65 silly audit   '@biomejs/cli-linux-arm64': [ '2.3.10' ],
65 silly audit   '@biomejs/cli-linux-arm64-musl': [ '2.3.10' ],
65 silly audit   '@biomejs/cli-linux-x64': [ '2.3.10' ],
65 silly audit   '@biomejs/cli-linux-x64-musl': [ '2.3.10' ],
65 silly audit   '@biomejs/cli-win32-arm64': [ '2.3.10' ],
65 silly audit   '@biomejs/cli-win32-x64': [ '2.3.10' ]
65 silly audit }
66 verbose reify failed optional dependency C:\Users\alfon\Desktop\zipgrade-sonora\.npm-cache\_npx\6b7f270436645a8a\node_modules\@biomejs\cli-win32-arm64
67 silly reify mark deleted [
67 silly reify   'C:\\Users\\alfon\\Desktop\\zipgrade-sonora\\.npm-cache\\_npx\\6b7f270436645a8a\\node_modules\\@biomejs\\cli-win32-arm64'
67 silly reify ]
68 verbose reify failed optional dependency C:\Users\alfon\Desktop\zipgrade-sonora\.npm-cache\_npx\6b7f270436645a8a\node_modules\@biomejs\cli-linux-x64-musl
69 silly reify mark deleted [
69 silly reify   'C:\\Users\\alfon\\Desktop\\zipgrade-sonora\\.npm-cache\\_npx\\6b7f270436645a8a\\node_modules\\@biomejs\\cli-linux-x64-musl'
69 silly reify ]
70 verbose reify failed optional dependency C:\Users\alfon\Desktop\zipgrade-sonora\.npm-cache\_npx\6b7f270436645a8a\node_modules\@biomejs\cli-linux-x64
71 silly reify mark deleted [
71 silly reify   'C:\\Users\\alfon\\Desktop\\zipgrade-sonora\\.npm-cache\\_npx\\6b7f270436645a8a\\node_modules\\@biomejs\\cli-linux-x64'
71 silly reify ]
72 verbose reify failed optional dependency C:\Users\alfon\Desktop\zipgrade-sonora\.npm-cache\_npx\6b7f270436645a8a\node_modules\@biomejs\cli-linux-arm64-musl
73 silly reify mark deleted [
73 silly reify   'C:\\Users\\alfon\\Desktop\\zipgrade-sonora\\.npm-cache\\_npx\\6b7f270436645a8a\\node_modules\\@biomejs\\cli-linux-arm64-musl'
73 silly reify ]
74 verbose reify failed optional dependency C:\Users\alfon\Desktop\zipgrade-sonora\.npm-cache\_npx\6b7f270436645a8a\node_modules\@biomejs\cli-linux-arm64
75 silly reify mark deleted [
75 silly reify   'C:\\Users\\alfon\\Desktop\\zipgrade-sonora\\.npm-cache\\_npx\\6b7f270436645a8a\\node_modules\\@biomejs\\cli-linux-arm64'
75 silly reify ]
76 verbose reify failed optional dependency C:\Users\alfon\Desktop\zipgrade-sonora\.npm-cache\_npx\6b7f270436645a8a\node_modules\@biomejs\cli-darwin-x64
77 silly reify mark deleted [
77 silly reify   'C:\\Users\\alfon\\Desktop\\zipgrade-sonora\\.npm-cache\\_npx\\6b7f270436645a8a\\node_modules\\@biomejs\\cli-darwin-x64'
77 silly reify ]
78 verbose reify failed optional dependency C:\Users\alfon\Desktop\zipgrade-sonora\.npm-cache\_npx\6b7f270436645a8a\node_modules\@biomejs\cli-darwin-arm64
79 silly reify mark deleted [
79 silly reify   'C:\\Users\\alfon\\Desktop\\zipgrade-sonora\\.npm-cache\\_npx\\6b7f270436645a8a\\node_modules\\@biomejs\\cli-darwin-arm64'
79 silly reify ]
80 http cache @biomejs/cli-win32-x64@https://registry.npmjs.org/@biomejs/cli-win32-x64/-/cli-win32-x64-2.3.10.tgz 0ms (cache hit)
81 http cache @biomejs/biome@https://registry.npmjs.org/@biomejs/biome/-/biome-2.3.10.tgz 0ms (cache hit)
82 silly tarball no local data for @biomejs/cli-win32-x64@https://registry.npmjs.org/@biomejs/cli-win32-x64/-/cli-win32-x64-2.3.10.tgz. Extracting by manifest.
83 silly tarball no local data for @biomejs/biome@https://registry.npmjs.org/@biomejs/biome/-/biome-2.3.10.tgz. Extracting by manifest.
84 http fetch POST 200 https://registry.npmjs.org/-/npm/v1/security/advisories/bulk 299ms
85 silly audit report {}
86 http fetch GET 200 https://registry.npmjs.org/@biomejs/biome/-/biome-2.3.10.tgz 303ms (cache miss)
87 http fetch GET 200 https://registry.npmjs.org/@biomejs/cli-win32-x64/-/cli-win32-x64-2.3.10.tgz 2522ms (cache miss)
88 verbose cwd C:\Users\alfon\Desktop\zipgrade-sonora
89 verbose os Windows_NT 10.0.19045
90 verbose node v22.16.0
91 verbose npm  v11.4.2
92 verbose exit -1073740791
93 verbose code -1073740791
