0 verbose cli C:\Program Files\nodejs\node.exe C:\Users\alfon\AppData\Roaming\npm\node_modules\npm\bin\npm-cli.js
1 info using npm@11.4.2
2 info using node@v22.16.0
3 silly config load:file:C:\Users\alfon\AppData\Roaming\npm\node_modules\npm\npmrc
4 silly config load:file:c:\Users\alfon\Desktop\zipgrade-sonora\.npmrc
5 silly config load:file:C:\Users\alfon\.npmrc
6 silly config load:file:C:\Users\alfon\AppData\Roaming\npm\etc\npmrc
7 verbose title npm view next description dist-tags.latest homepage version time
8 verbose argv "view" "--json" "--" "next" "description" "dist-tags.latest" "homepage" "version" "time"
9 verbose logfile logs-max:10 dir:C:\Users\alfon\Desktop\zipgrade-sonora\.npm-cache\_logs\2026-01-16T19_22_54_627Z-
10 verbose logfile C:\Users\alfon\Desktop\zipgrade-sonora\.npm-cache\_logs\2026-01-16T19_22_54_627Z-debug-0.log
11 silly logfile start cleaning logs, removing 1 files
12 silly logfile done cleaning log files
13 http fetch GET 200 https://registry.npmjs.org/next 679ms (cache updated)
14 verbose cwd c:\Users\alfon\Desktop\zipgrade-sonora
15 verbose os Windows_NT 10.0.19045
16 verbose node v22.16.0
17 verbose npm  v11.4.2
18 verbose exit 0
19 info ok
