0 verbose cli C:\Program Files\nodejs\node.exe C:\Users\alfon\AppData\Roaming\npm\node_modules\npm\bin\npm-cli.js
1 info using npm@11.4.2
2 info using node@v22.16.0
3 silly config load:file:C:\Users\alfon\AppData\Roaming\npm\node_modules\npm\npmrc
4 warn Unknown env config "verify-deps-before-run". This will stop working in the next major version of npm.
5 warn Unknown env config "_jsr-registry". This will stop working in the next major version of npm.
6 silly config load:file:C:\Users\alfon\Desktop\zipgrade-sonora\.npmrc
7 silly config load:file:C:\Users\alfon\.npmrc
8 silly config load:file:C:\Users\alfon\AppData\Roaming\npm\etc\npmrc
9 verbose title npm config get registry
10 verbose argv "config" "get" "registry"
11 verbose logfile logs-max:10 dir:C:\Users\alfon\Desktop\zipgrade-sonora\.npm-cache\_logs\2026-01-16T19_24_52_670Z-
12 verbose logfile C:\Users\alfon\Desktop\zipgrade-sonora\.npm-cache\_logs\2026-01-16T19_24_52_670Z-debug-0.log
13 silly logfile start cleaning logs, removing 2 files
14 verbose cwd C:\Users\alfon\Desktop\zipgrade-sonora
15 verbose os Windows_NT 10.0.19045
16 verbose node v22.16.0
17 verbose npm  v11.4.2
18 verbose exit 0
19 info ok
